[INFO] Scanning for projects...
[INFO] 
[INFO] -------------------< com.batallanaval:batalla-naval >-------------------
[INFO] Building batalla-naval 1.0-SNAPSHOT
[INFO]   from pom.xml
[INFO] --------------------------------[ jar ]---------------------------------
[INFO] 
[INFO] >>> javafx:0.0.8:run (default-cli) > process-classes @ batalla-naval >>>
[WARNING] 6 problems were encountered while building the effective model for org.openjfx:javafx-controls:jar:21.0.3 during dependency collection step for project (use -X to see details)
[INFO] 
[INFO] --- resources:3.3.1:resources (default-resources) @ batalla-naval ---
[INFO] Copying 10 resources from src\main\resources to target\classes
[INFO] 
[INFO] --- compiler:3.13.0:compile (default-compile) @ batalla-naval ---
[INFO] Nothing to compile - all classes are up to date.
[INFO] 
[INFO] <<< javafx:0.0.8:run (default-cli) < process-classes @ batalla-naval <<<
[INFO] 
[INFO] 
[INFO] --- javafx:0.0.8:run (default-cli) @ batalla-naval ---
[INFO] ------------------------------------------------------------------------
[INFO] BUILD SUCCESS
[INFO] ------------------------------------------------------------------------
[INFO] Total time:  27.236 s
[INFO] Finished at: 2026-07-23T12:33:45-05:00
[INFO] ------------------------------------------------------------------------
